// Jest Snapshot v1, https://goo.gl/fbAQLP

exports[`Tests on JournalEntry should render correctly 1`] = `
<div
  className="journal__entry pointer animate__animated animate__fadeIn animate__faster"
  onClick={[Function]}
>
  <div
    className="journal__entry-picture"
    style={
      Object {
        "backgroundImage": "url(https://res.cloudinary.com/dxd81c3e7/image/upload/v1606084697/h2iks4zr4bjcxtj13k6g.png)",
        "backgroundSize": "cover",
      }
    }
  />
  <div
    className="journal__entry-body"
  >
    <p
      className="journal__entry-title"
    >
      New Note
    </p>
    <p
      className="journal__entry-content"
    >
      Dummy Text
    </p>
  </div>
  <div
    className="journal__entry-date-box"
  >
    <span>
      Wednesday
    </span>
    <h4>
      18th
    </h4>
  </div>
</div>
`;
